# Basic map format
# =====================================
# - Use # for comments
# - Max line length: 255 char
# - Strict order: X->Y->T, O->I
# - Whitespace start chars not allowed

# Meta
$ NAME TestMap
$ AUTHOR Gerviba
$ DESCRIPTION This_is_a_test_map
$ BACKGROUND 11FF69
$ AMBIENT 0.4
$ SPAWN 0 0 4
$ STATE 1

# Textures
# X id filename
X 0 noimg.png
#X 0 brickside.png
X 1 brick.png
X 2 sandstone_normal.png
X 3 stonebrick.png
X 4 stonebrick_normal.png
X 5 stonebrick_carved.png
X 6 stonebrick_cracked.png
X 7 stonebrick_mossy.png

# Texture Block
# Y id base top right bottom left
Y 0 0 0 0 0 0 
Y 1 1 1 1 1 1 
Y 2 2 2 2 2 2 
Y 3 3 5 3 3 3 
Y 4 4 4 4 4 4 
Y 5 5 5 5 5 5 
Y 6 6 6 6 6 6 
Y 7 7 7 7 7 7

# Tiles (Blocks)
# T x y Y.id TileType

T -2 2 3 1
T -2 1 3 9
T -2 0 6 9
T -2 -1 3 1

T -1 2 3 5
T -1 1 6 0
T -1 0 3 0
T -1 -1 3 3

T 0 2 7 5
T 0 1 3 0
T 0 0 0 0
T 0 -1 3 3

T 1 2 3 5
T 1 1 3 0
T 1 0 6 0
T 1 -1 3 3

T 2 2 3 5
T 2 1 7 0
T 2 0 7 0
T 2 -1 3 3

T 3 2 7 5
T 3 1 7 0
T 3 0 3 0
T 3 -1 3 3

T 4 2 3 5
T 4 1 3 0
T 4 0 6 0
T 4 -1 3 3

T 5 2 3 5
T 5 1 6 0
T 5 0 3 0
T 5 -1 3 3

#T 6 2 3 5
#T 6 1 3 0
#T 6 0 7 0
#T 6 -1 3 3

T 6 2 3 1
T 6 1 3 17
T 6 0 3 17
T 6 -1 3 1

# Static Lighting, Lighting
# S x y strength color[RRGGBB]
# L x y strength1 color1[RRGGBB] strength2 color2[RRGGBB] time //TODO
S 1 1.5 1 F4DB33
S 4 1.5 1 F4DB33

#S 1 1.5 1 97d964
#S 4 1.5 1 82c41e
#S 4 1.5 1 00FF00

#S 4 1.5 1 3498DB
#S 1 1.5 1 b44939
#S 1 1.5 1 F4DB33
#S 4 1.5 1 F4DB33
L 3 1 1 FF00FF 00FF00 4000

# Object Bank
# O id STATIC lock_little.sobj
# O id DYNAMIC lock_little.sobj
# O id ACTIVE lock_little.aobj

# Object Instances
# I id O.id STATIC x y z alpha beta gamma SizeX SizeY SizeZ visible
# I id O.id DYNAMIC x y z alpha beta gamma SizeX SizeY SizeZ visible reference
# I id O.id ACTIVE x y z alpha beta gamma SizeX SizeY SizeZ visible reference

# Coords
# C id type x y ...
C 0 SPAWN 1 1
C 1 END 1 10

# Messages
# M x1 y1 x2 y2 LANG_KEY
M -1 -1 2 2 SPAWNED
